// Jest Snapshot v1, https://goo.gl/fbAQLP

exports[`should render with no errors 1`] = `
.c3 {
  visibility: visible;
  display: -webkit-inline-box;
  display: -webkit-inline-flex;
  display: -ms-inline-flexbox;
  display: inline-flex;
  -webkit-align-items: center;
  -webkit-box-align: center;
  -ms-flex-align: center;
  align-items: center;
}

.c2 {
  position: relative;
  height: 32px;
  color: inherit;
  border-radius: 4px;
  border: none;
  border: none;
  font-size: 16px;
  font-family: 'Source Sans Pro',Helvetica,Arial,sans-serif;
  padding: 4px 6px;
  cursor: pointer;
  display: -webkit-inline-box;
  display: -webkit-inline-flex;
  display: -ms-inline-flexbox;
  display: inline-flex;
  -webkit-align-items: center;
  -webkit-box-align: center;
  -ms-flex-align: center;
  align-items: center;
  -webkit-box-pack: center;
  -webkit-justify-content: center;
  -ms-flex-pack: center;
  justify-content: center;
  width: auto;
  background: linear-gradient(to bottom, none, none );
}

.c2::-webkit-input-placeholder {
  color: #9AA5B1;
}

.c2::-moz-placeholder {
  color: #9AA5B1;
}

.c2:-ms-input-placeholder {
  color: #9AA5B1;
}

.c2::placeholder {
  color: #9AA5B1;
}

.c2:hover {
  background: linear-gradient(to bottom, none, none );
}

.c2:active {
  background: none;
}

.c2:disabled {
  background: none;
  cursor: not-allowed;
}

.c2:focus {
  outline: none;
  -webkit-text-decoration: underline;
  text-decoration: underline;
}

.c0 {
  position: absolute;
  top: 50%;
  left: 16px;
  right: 16px;
  bottom: auto;
  -webkit-transform: translate(0,-50%);
  -ms-transform: translate(0,-50%);
  transform: translate(0,-50%);
  background: #fff;
  overflow: auto;
  -webkit-overflow-scrolling: touch;
  outline: none;
  width: auto;
  min-width: 300px;
  box-shadow: rgba(0,0,0,0.15) 0 10px 20px,rgba(0,0,0,0.1) 0 3px 6px;
  border-width: 6px;
  border-style: solid;
  border-color: #CBD2D8;
  border-image: initial;
  z-index: 999999;
}

.c1 {
  display: -webkit-box;
  display: -webkit-flex;
  display: -ms-flexbox;
  display: flex;
  -webkit-flex-direction: row;
  -ms-flex-direction: row;
  flex-direction: row;
  -webkit-box-pack: end;
  -webkit-justify-content: flex-end;
  -ms-flex-pack: end;
  justify-content: flex-end;
  height: 40px;
  padding: 16px;
  color: #CBD2D8;
}

.c4 {
  padding: 12px 32px 32px;
}

.c5 {
  font-size: 24px;
  margin-bottom: 16px;
  color: inherit;
}

.c6 {
  display: -webkit-box;
  display: -webkit-flex;
  display: -ms-flexbox;
  display: flex;
  -webkit-box-pack: end;
  -webkit-justify-content: flex-end;
  -ms-flex-pack: end;
  justify-content: flex-end;
  background: #F5F7FA;
  padding: 18px 24px;
}

.c6 > * {
  margin-left: 16px;
}

@media (min-width:450px) {
  .c0 {
    left: 40px;
    right: 40px;
  }
}

@media (min-width:720px) {
  .c0 {
    top: 50%;
    left: 50%;
    right: auto;
    bottom: auto;
    margin-right: -50%;
    width: 640px;
    -webkit-transform: translate(-50%,-50%);
    -ms-transform: translate(-50%,-50%);
    transform: translate(-50%,-50%);
  }
}

<div
  aria-label="Example Modal"
  class="ReactModal__Content ReactModal__Content--after-open c0"
  role="dialog"
  tabindex="-1"
>
  <div
    class="c1"
  >
    <button
      class="c2"
      type="button"
    >
      <div
        class="c3"
      >
        <svg
          height="20px"
          viewBox="0 0 20 20"
          width="20px"
          xmlns="http://www.w3.org/2000/svg"
        >
          <path
            d="M11.88 10l5.73-5.71a1.34 1.34 0 1 0-1.9-1.9L10 8.12 4.29 2.39a1.34 1.34 0 0 0-1.9 1.9L8.12 10l-5.73 5.71a1.34 1.34 0 0 0 0 1.89 1.34 1.34 0 0 0 1.89 0L10 11.88l5.71 5.73a1.34 1.34 0 0 0 1.89 0 1.34 1.34 0 0 0 0-1.89z"
            fill="currentColor"
          />
        </svg>
      </div>
    </button>
  </div>
  <div
    class="c4"
  >
    <h2
      class="c5"
    >
      Modal title
    </h2>
    <label
      for="input-id"
    >
      Label text
      <input
        id="input-id"
        type="text"
      />
    </label>
  </div>
  <div
    class="c6"
  >
    Footer
  </div>
</div>
`;
