// Jest Snapshot v1, https://goo.gl/fbAQLP

exports[`Dialog with two actions should render with no errors 1`] = `
.c4 {
  visibility: visible;
  display: -webkit-inline-box;
  display: -webkit-inline-flex;
  display: -ms-inline-flexbox;
  display: inline-flex;
  -webkit-align-items: center;
  -webkit-box-align: center;
  -ms-flex-align: center;
  align-items: center;
}

.c9 {
  white-space: nowrap;
  margin-left: auto;
  margin-right: auto;
}

.c3 {
  position: relative;
  height: 32px;
  color: inherit;
  border-radius: 4px;
  border: none;
  border: none;
  font-size: 16px;
  font-family: 'Source Sans Pro',Helvetica,Arial,sans-serif;
  padding: 4px 6px;
  cursor: pointer;
  display: -webkit-inline-box;
  display: -webkit-inline-flex;
  display: -ms-inline-flexbox;
  display: inline-flex;
  -webkit-align-items: center;
  -webkit-box-align: center;
  -ms-flex-align: center;
  align-items: center;
  -webkit-box-pack: center;
  -webkit-justify-content: center;
  -ms-flex-pack: center;
  justify-content: center;
  width: auto;
  background: linear-gradient(to bottom, none, none );
}

.c3::-webkit-input-placeholder {
  color: #9AA5B1;
}

.c3::-moz-placeholder {
  color: #9AA5B1;
}

.c3:-ms-input-placeholder {
  color: #9AA5B1;
}

.c3::placeholder {
  color: #9AA5B1;
}

.c3:hover {
  background: linear-gradient(to bottom, none, none );
}

.c3:active {
  background: none;
}

.c3:disabled {
  background: none;
  cursor: not-allowed;
}

.c8 {
  position: relative;
  height: 48px;
  color: #52616D;
  border-radius: 4px;
  border: none;
  border: 1px solid #C0C2C6;
  font-size: 18px;
  font-family: 'Source Sans Pro',Helvetica,Arial,sans-serif;
  padding: 12px;
  cursor: pointer;
  display: -webkit-inline-box;
  display: -webkit-inline-flex;
  display: -ms-inline-flexbox;
  display: inline-flex;
  -webkit-align-items: center;
  -webkit-box-align: center;
  -ms-flex-align: center;
  align-items: center;
  -webkit-box-pack: center;
  -webkit-justify-content: center;
  -ms-flex-pack: center;
  justify-content: center;
  width: auto;
  background: linear-gradient(to bottom, #F5F7FA, #E4E7EB );
}

.c8::-webkit-input-placeholder {
  color: #9AA5B1;
}

.c8::-moz-placeholder {
  color: #9AA5B1;
}

.c8:-ms-input-placeholder {
  color: #9AA5B1;
}

.c8::placeholder {
  color: #9AA5B1;
}

.c8:hover {
  background: linear-gradient(to bottom, #E2E7EC, #D7DBE0 );
}

.c8:active {
  background: #CBD2D8;
}

.c8:disabled {
  background: #F5F7FA;
  cursor: not-allowed;
}

.c10 {
  position: relative;
  height: 48px;
  color: #FFF;
  border-radius: 4px;
  border: none;
  border: none;
  font-size: 18px;
  font-family: 'Source Sans Pro',Helvetica,Arial,sans-serif;
  padding: 12px;
  cursor: pointer;
  display: -webkit-inline-box;
  display: -webkit-inline-flex;
  display: -ms-inline-flexbox;
  display: inline-flex;
  -webkit-align-items: center;
  -webkit-box-align: center;
  -ms-flex-align: center;
  align-items: center;
  -webkit-box-pack: center;
  -webkit-justify-content: center;
  -ms-flex-pack: center;
  justify-content: center;
  width: auto;
  background: linear-gradient(to bottom, #E12D39, #CF1124 );
}

.c10::-webkit-input-placeholder {
  color: #9AA5B1;
}

.c10::-moz-placeholder {
  color: #9AA5B1;
}

.c10:-ms-input-placeholder {
  color: #9AA5B1;
}

.c10::placeholder {
  color: #9AA5B1;
}

.c10:hover {
  background: linear-gradient(to bottom, #CF1124, #AB091E );
}

.c10:active {
  background: #AB091E;
}

.c10:disabled {
  background: #FFBCC2;
  cursor: not-allowed;
}

.c1 {
  position: absolute;
  top: 50%;
  left: 16px;
  right: 16px;
  bottom: auto;
  -webkit-transform: translate(0,-50%);
  -ms-transform: translate(0,-50%);
  transform: translate(0,-50%);
  background: #fff;
  overflow: auto;
  -webkit-overflow-scrolling: touch;
  outline: none;
  width: auto;
  min-width: 300px;
  box-shadow: rgba(0,0,0,0.15) 0 10px 20px,rgba(0,0,0,0.1) 0 3px 6px;
  border-width: 6px;
  border-style: solid;
  border-color: #CBD2D8;
  border-image: initial;
}

.c2 {
  display: -webkit-box;
  display: -webkit-flex;
  display: -ms-flexbox;
  display: flex;
  -webkit-flex-direction: row;
  -ms-flex-direction: row;
  flex-direction: row;
  -webkit-box-pack: end;
  -webkit-justify-content: flex-end;
  -ms-flex-pack: end;
  justify-content: flex-end;
  height: 40px;
  padding: 16px;
  color: #CBD2D8;
}

.c5 {
  padding: 12px 32px 32px;
}

.c0 {
  width: auto;
}

.c6 {
  font-size: 18px;
  color: #52616D;
  text-align: center;
}

.c7 {
  display: -webkit-box;
  display: -webkit-flex;
  display: -ms-flexbox;
  display: flex;
  -webkit-box-pack: end;
  -webkit-justify-content: flex-end;
  -ms-flex-pack: end;
  justify-content: flex-end;
  background: #F5F7FA;
  padding: 18px 24px;
  -webkit-box-pack: center;
  -webkit-justify-content: center;
  -ms-flex-pack: center;
  justify-content: center;
  background: #fff;
}

.c7 > * {
  margin-left: 16px;
}

@media (min-width:450px) {
  .c1 {
    left: 40px;
    right: 40px;
  }
}

@media (min-width:720px) {
  .c1 {
    top: 50%;
    left: 50%;
    right: auto;
    bottom: auto;
    margin-right: -50%;
    width: 640px;
    -webkit-transform: translate(-50%,-50%);
    -ms-transform: translate(-50%,-50%);
    transform: translate(-50%,-50%);
  }
}

@media (min-width:450px) {
  .c0 {
    left: 60px;
    right: 60px;
  }
}

@media (min-width:720px) {
  .c0 {
    width: 400px;
    left: 50%;
    right: auto;
  }
}

<div
  aria-label="Example Dialog"
  class="ReactModal__Content ReactModal__Content--after-open c0 c1"
  role="dialog"
  tabindex="-1"
>
  <div
    class="c2"
  >
    <button
      class="c3"
    >
      <div
        class="c4"
      >
        <svg
          viewBox="0 0 20 20"
          width="20px"
          xmlns="http://www.w3.org/2000/svg"
        >
          <path
            d="M11.88 10l5.73-5.71a1.34 1.34 0 1 0-1.9-1.9L10 8.12 4.29 2.39a1.34 1.34 0 0 0-1.9 1.9L8.12 10l-5.73 5.71a1.34 1.34 0 0 0 0 1.89 1.34 1.34 0 0 0 1.89 0L10 11.88l5.71 5.73a1.34 1.34 0 0 0 1.89 0 1.34 1.34 0 0 0 0-1.89z"
            fill="currentColor"
          />
        </svg>
      </div>
    </button>
  </div>
  <div
    class="c5"
  >
    <h1
      class="c6"
    >
      Are you sure you want to delete?
    </h1>
  </div>
  <div
    class="c7"
    data-testid="dialog-footer"
  >
    <button
      class="c8"
    >
      <div
        class="c4"
      >
        <span
          class="c9"
        >
          Cancel
        </span>
      </div>
    </button>
    <button
      class="c10"
    >
      <div
        class="c4"
      >
        <span
          class="c9"
        >
          Delete
        </span>
      </div>
    </button>
  </div>
</div>
`;
